
[2026-09-18 14:09:16] [INFO] He thong Smart Parking khoi dong voi 10 slot.
[2026-09-18 14:09:27] [BARRIER] Entry Barrier -> OPENING...
[2026-09-18 14:09:28] [BARRIER] Entry Barrier -> OPENED
[2026-09-18 14:09:28] [ENTRY] Vehicle 1234AA occupied slot P1
[2026-09-18 14:09:28] [BARRIER] Entry Barrier -> CLOSING...
[2026-09-18 14:09:29] [BARRIER] Entry Barrier -> CLOSED
[2026-09-18 14:09:39] [BARRIER] Exit Barrier -> OPENING...
[2026-09-18 14:09:40] [BARRIER] Exit Barrier -> OPENED
[2026-09-18 14:09:40] [EXIT] Vehicle 1234AA left slot P1 after 12s
[2026-09-18 14:09:40] [BARRIER] Exit Barrier -> CLOSING...
[2026-09-18 14:09:41] [BARRIER] Exit Barrier -> CLOSED
[2026-09-18 14:09:45] [BARRIER] Entry Barrier -> OPENING...
[2026-09-18 14:09:47] [BARRIER] Entry Barrier -> OPENED
[2026-09-18 14:09:47] [ENTRY] Vehicle AAA occupied slot P1
[2026-09-18 14:09:47] [BARRIER] Entry Barrier -> CLOSING...
[2026-09-18 14:09:48] [BARRIER] Entry Barrier -> CLOSED
[2026-09-18 14:09:51] [ERROR] Vehicle ABC not found on exit.
[2026-09-18 14:09:56] [BARRIER] Entry Barrier -> OPENING...
[2026-09-18 14:09:57] [BARRIER] Entry Barrier -> OPENED
[2026-09-18 14:09:57] [ENTRY] Vehicle ABC occupied slot P2
[2026-09-18 14:09:57] [BARRIER] Entry Barrier -> CLOSING...
[2026-09-18 14:09:58] [BARRIER] Entry Barrier -> CLOSED
[2026-09-18 14:10:00] [ERROR] Vehicle AAA is already in the parking lot.
[2026-09-18 14:10:07] [INFO] He thong Smart Parking dung.
